// Jest Snapshot v1, https://goo.gl/fbAQLP

exports[`Snapshot should Snapshot match 1`] = `
<RNCSafeAreaView
  edges={
    {
      "bottom": "additive",
      "left": "additive",
      "right": "additive",
      "top": "additive",
    }
  }
  style={
    {
      "backgroundColor": "#FFF",
      "flex": 1,
    }
  }
>
  <View
    style={
      {
        "backgroundColor": "#FFF",
        "borderRadius": 10,
        "paddingHorizontal": 20,
        "width": "100%",
      }
    }
  >
    <View
      accessibilityState={
        {
          "busy": undefined,
          "checked": undefined,
          "disabled": undefined,
          "expanded": undefined,
          "selected": undefined,
        }
      }
      accessibilityValue={
        {
          "max": undefined,
          "min": undefined,
          "now": undefined,
          "text": undefined,
        }
      }
      accessible={true}
      collapsable={false}
      focusable={true}
      onClick={[Function]}
      onResponderGrant={[Function]}
      onResponderMove={[Function]}
      onResponderRelease={[Function]}
      onResponderTerminate={[Function]}
      onResponderTerminationRequest={[Function]}
      onStartShouldSetResponder={[Function]}
      style={
        {
          "opacity": 1,
          "paddingLeft": 10,
        }
      }
    >
      <Text
        style={
          {
            "color": "#007aff",
            "fontSize": 35,
          }
        }
      >
        x
      </Text>
    </View>
    <Text
      style={
        {
          "fontSize": 20,
          "fontWeight": "bold",
          "marginVertical": 20,
        }
      }
    >
      New User
    </Text>
    <TextInput
      onChangeText={[Function]}
      placeholder="Full Name*"
      style={
        {
          "borderBottomWidth": 1,
          "borderColor": "#ccc",
          "marginVertical": 15,
          "padding": 10,
          "width": "100%",
        }
      }
      value=""
    />
    <TextInput
      autoCapitalize="none"
      keyboardType="email-address"
      onChangeText={[Function]}
      placeholder="Email"
      style={
        {
          "borderBottomWidth": 1,
          "borderColor": "#ccc",
          "marginVertical": 15,
          "padding": 10,
          "width": "100%",
        }
      }
      value=""
    />
    <Text
      style={
        {
          "marginVertical": 20,
        }
      }
    >
      User Role
    </Text>
  </View>
  <View
    style={
      {
        "alignItems": "center",
        "margin": 10,
      }
    }
  >
    <View
      style={
        {
          "backgroundColor": "#F0F2F5",
          "borderRadius": 20,
          "flexDirection": "row",
          "height": 40,
          "justifyContent": "center",
          "position": "relative",
          "width": "80%",
        }
      }
    >
      <View
        collapsable={false}
        style={
          {
            "borderColor": "#007aff",
            "borderRadius": 20,
            "borderWidth": 1,
            "height": "100%",
            "left": 0,
            "position": "absolute",
            "transform": [
              {
                "translateX": undefined,
              },
            ],
            "width": undefined,
            "zIndex": 1,
          }
        }
      />
      <View
        accessibilityState={
          {
            "busy": undefined,
            "checked": undefined,
            "disabled": undefined,
            "expanded": undefined,
            "selected": undefined,
          }
        }
        accessibilityValue={
          {
            "max": undefined,
            "min": undefined,
            "now": undefined,
            "text": undefined,
          }
        }
        accessible={true}
        collapsable={false}
        focusable={true}
        onClick={[Function]}
        onResponderGrant={[Function]}
        onResponderMove={[Function]}
        onResponderRelease={[Function]}
        onResponderTerminate={[Function]}
        onResponderTerminationRequest={[Function]}
        onStartShouldSetResponder={[Function]}
        style={
          {
            "alignItems": "center",
            "flex": 1,
            "justifyContent": "center",
            "opacity": 1,
          }
        }
        testID="tab-Admin"
      >
        <Text
          style={
            [
              {
                "color": "#333",
                "fontSize": 14,
              },
              {
                "color": "#007aff",
                "fontWeight": "600",
              },
            ]
          }
        >
          Admin
        </Text>
      </View>
      <View
        accessibilityState={
          {
            "busy": undefined,
            "checked": undefined,
            "disabled": undefined,
            "expanded": undefined,
            "selected": undefined,
          }
        }
        accessibilityValue={
          {
            "max": undefined,
            "min": undefined,
            "now": undefined,
            "text": undefined,
          }
        }
        accessible={true}
        collapsable={false}
        focusable={true}
        onClick={[Function]}
        onResponderGrant={[Function]}
        onResponderMove={[Function]}
        onResponderRelease={[Function]}
        onResponderTerminate={[Function]}
        onResponderTerminationRequest={[Function]}
        onStartShouldSetResponder={[Function]}
        style={
          {
            "alignItems": "center",
            "flex": 1,
            "justifyContent": "center",
            "opacity": 1,
          }
        }
        testID="tab-Manager"
      >
        <Text
          style={
            [
              {
                "color": "#333",
                "fontSize": 14,
              },
              false,
            ]
          }
        >
          Manager
        </Text>
      </View>
    </View>
  </View>
  <View
    style={
      {
        "flex": 1,
        "justifyContent": "flex-end",
        "padding": 20,
      }
    }
  >
    <View
      accessibilityState={
        {
          "busy": undefined,
          "checked": undefined,
          "disabled": undefined,
          "expanded": undefined,
          "selected": undefined,
        }
      }
      accessibilityValue={
        {
          "max": undefined,
          "min": undefined,
          "now": undefined,
          "text": undefined,
        }
      }
      accessible={true}
      collapsable={false}
      focusable={true}
      onClick={[Function]}
      onResponderGrant={[Function]}
      onResponderMove={[Function]}
      onResponderRelease={[Function]}
      onResponderTerminate={[Function]}
      onResponderTerminationRequest={[Function]}
      onStartShouldSetResponder={[Function]}
      style={
        {
          "alignItems": "center",
          "backgroundColor": "#007aff",
          "borderRadius": 20,
          "opacity": 1,
          "padding": 15,
          "width": "100%",
        }
      }
    >
      <Text
        style={
          {
            "color": "#FFF",
            "fontWeight": "bold",
          }
        }
      >
        Create User
      </Text>
    </View>
  </View>
</RNCSafeAreaView>
`;
